/* istanbul ignore file */
/* tslint:disable */
/* eslint-disable */

export const IDictionaryWithReferenceSchema = {
    type: 'dictionary',
    contains: {
        type: 'IModelWithString',
    },
};
