/* istanbul ignore file */
/* tslint:disable */
/* eslint-disable */

export const IModelWithDictionarySchema = {
    properties: {
        prop: {
            type: 'dictionary',
            contains: {
                type: 'string',
            },
        },
    },
};
