/* istanbul ignore file */
/* tslint:disable */
/* eslint-disable */

export const IModelWithStringSchema = {
    properties: {
        prop: {
            type: 'string',
        },
    },
};
