/* istanbul ignore file */
/* tslint:disable */
/* eslint-disable */

export const IModelWithEnumIntegerSchema = {
    properties: {
        prop: {
            type: 'Enum',
        },
    },
};
