/* istanbul ignore file */
/* tslint:disable */
/* eslint-disable */

import type { IModelWithString } from '././ModelWithString';

/**
 * This is a simple array containing an array
 */
export type TArrayWithArray = Array<Array<IModelWithString>>;
