/* istanbul ignore file */
/* tslint:disable */
/* eslint-disable */

/**
 * This is a simple enum with numbers
 */
export enum EEnumWithNumbers {
    '_1' = 1,
    '_2' = 2,
    '_3' = 3,
    '_1.1' = 1.1,
    '_1.2' = 1.2,
    '_1.3' = 1.3,
    '_100' = 100,
    '_200' = 200,
    '_300' = 300,
    '_-100' = -100,
    '_-200' = -200,
    '_-300' = -300,
    '_-1.1' = -1.1,
    '_-1.2' = -1.2,
    '_-1.3' = -1.3,
}
