/* istanbul ignore file */
/* tslint:disable */
/* eslint-disable */

/**
 * This is a simple enum with strings
 */
export enum EEnumWithStrings {
    SUCCESS = 'Success',
    WARNING = 'Warning',
    ERROR = 'Error',
}
