/* istanbul ignore file */
/* tslint:disable */
/* eslint-disable */

/**
 * This is a simple enum with strings and type
 */
export enum EEnumWithStringsWithType {
    VALUE1 = 'VALUE1',
    VALUE2 = 'VALUE2',
}
