/* istanbul ignore file */
/* tslint:disable */
/* eslint-disable */

import type { TModelThatExtends } from '././ModelThatExtends';
import type { IModelWithString } from '././ModelWithString';

/**
 * This is a model that extends another model
 */
export type TModelThatExtendsExtends = IModelWithString &
    TModelThatExtends & {
        propExtendsC?: string;

        propExtendsD?: IModelWithString;
    };
