/* istanbul ignore file */
/* tslint:disable */
/* eslint-disable */

import type { IModelWithString } from '././ModelWithString';

/**
 * This is a model with one property containing an array
 */
export interface IModelWithArray {
    prop?: Array<IModelWithString>;

    propWithFile?: Array<Blob>;

    propWithNumber?: Array<number>;
}
