export enum EHTTP_STATUS_CODES {
    BAD_REQUEST = 400,
    UNAUTHORIZED = 401,
    FORBIDDEN = 403,
    NOT_FOUND = 404,
    INTERNAL_SERVER_ERROR = 500,
    BAD_GATEWAY = 502,
    SERVICE_UNAVAILABLE = 503,
}

export enum EHTTP_STATUS_NAME {
    BAD_REQUEST = 'Bad Request',
    UNAUTHORIZED = 'Unauthorized',
    FORBIDDEN = 'Forbidden',
    NOT_FOUND = 'Not Found',
    INTERNAL_SERVER_ERROR = 'Internal Server Error',
    BAD_GATEWAY = 'Bad Gateway',
    SERVICE_UNAVAILABLE = 'Service Unavailable',
}

