/* istanbul ignore file */
/* tslint:disable */
/* eslint-disable */

export const TArrayWithArraySchema = {
    type: 'array',
    contains: {
        type: 'array',
        contains: {
            type: 'IModelWithString',
        },
    },
};
