/* istanbul ignore file */
/* tslint:disable */
/* eslint-disable */

export const EEnumWithStringsSchema = {
    type: 'Enum',
};
