/* istanbul ignore file */
/* tslint:disable */
/* eslint-disable */

export const EEnumWithStringsWithTypeSchema = {
    type: 'Enum',
};
