/* istanbul ignore file */
/* tslint:disable */
/* eslint-disable */

export type ApiRequestOptions = {
    readonly method: 'GET' | 'PUT' | 'POST' | 'DELETE' | 'OPTIONS' | 'HEAD' | 'PATCH';
    readonly path: string;
    readonly cookies?: Record<string, any>;
    readonly headers?: Record<string, any>;
    readonly query?: Record<string, any>;
    readonly formData?: Record<string, any>;
    readonly body?: any;
    readonly mediaType?: string;
    readonly responseHeader?: string;
    // TODO TS2344: Redesign the logic for generating errors. Use the string value of the error code.
    // @ts-ignore
    readonly errors?: Record<number, string>;
}
