/* istanbul ignore file */
/* tslint:disable */
/* eslint-disable */

export { ApiError } from '././core/ApiError';
export { OpenAPI } from '././core/OpenAPI';
export type { TOpenAPIConfig } from '././core/OpenAPI';

export { EEnumWithNumbers } from '././models/EnumWithNumbers';
export { EEnumWithStrings } from '././models/EnumWithStrings';
export { EEnumWithStringsWithType } from '././models/EnumWithStringsWithType';
export type { IModelWithArray } from '././models/ModelWithArray';
export type { IModelWithDictionary } from '././models/ModelWithDictionary';
export { IModelWithEnum } from '././models/ModelWithEnum';
export type { IModelWithString } from '././models/ModelWithString';
export type { TArrayWithArray } from '././models/ArrayWithArray';
export type { TModelThatExtends } from '././models/ModelThatExtends';
export type { TModelThatExtendsExtends } from '././models/ModelThatExtendsExtends';

export { EEnumWithNumbersSchema } from '././schemas/EnumWithNumbersSchema';
export { EEnumWithStringsSchema } from '././schemas/EnumWithStringsSchema';
export { EEnumWithStringsWithTypeSchema } from '././schemas/EnumWithStringsWithTypeSchema';
export { IModelWithArraySchema } from '././schemas/ModelWithArraySchema';
export { IModelWithDictionarySchema } from '././schemas/ModelWithDictionarySchema';
export { IModelWithEnumSchema } from '././schemas/ModelWithEnumSchema';
export { IModelWithStringSchema } from '././schemas/ModelWithStringSchema';
export { TArrayWithArraySchema } from '././schemas/ArrayWithArraySchema';
export { TModelThatExtendsSchema } from '././schemas/ModelThatExtendsSchema';
export { TModelThatExtendsExtendsSchema } from '././schemas/ModelThatExtendsExtendsSchema';

export { SimpleService } from '././services/SimpleService';
export { ParametersService } from '././services/ParametersService';
export { RequestBodyService } from '././services/RequestBodyService';
export { DefaultsService } from '././services/DefaultsService';
export { DuplicateService } from '././services/DuplicateService';
export { NoContentService } from '././services/NoContentService';
export { ResponseService } from '././services/ResponseService';
export { CollectionFormatService } from '././services/CollectionFormatService';
export { TypesService } from '././services/TypesService';
export { UploadService } from '././services/UploadService';
export { ComplexService } from '././services/ComplexService';
export { MultipartService } from '././services/MultipartService';
export { HeaderService } from '././services/HeaderService';
export { EnumsService } from '././services/EnumsService';
