/* istanbul ignore file */
/* tslint:disable */
/* eslint-disable */

import type { IModelWithString } from '././ModelWithString';

/**
 * This is a string reference
 */
export type IDictionaryWithReference = Record<string, IModelWithString>;
